Archive member included to satisfy reference by file (symbol)

c:/ac6/systemworkbench/plugins/fr.ac6.mcu.externaltools.arm-none.win32_1.17.0.201812190825/tools/compiler/bin/../lib/gcc/arm-none-eabi/7.3.1/../../../../arm-none-eabi/lib/thumb/v7-m\libc_nano.a(lib_a-errno.o)
                              Core/Src/syscalls.o (__errno)
c:/ac6/systemworkbench/plugins/fr.ac6.mcu.externaltools.arm-none.win32_1.17.0.201812190825/tools/compiler/bin/../lib/gcc/arm-none-eabi/7.3.1/../../../../arm-none-eabi/lib/thumb/v7-m\libc_nano.a(lib_a-exit.o)
                              c:/ac6/systemworkbench/plugins/fr.ac6.mcu.externaltools.arm-none.win32_1.17.0.201812190825/tools/compiler/bin/../lib/gcc/arm-none-eabi/7.3.1/../../../../arm-none-eabi/lib/thumb/v7-m/crt0.o (exit)
c:/ac6/systemworkbench/plugins/fr.ac6.mcu.externaltools.arm-none.win32_1.17.0.201812190825/tools/compiler/bin/../lib/gcc/arm-none-eabi/7.3.1/../../../../arm-none-eabi/lib/thumb/v7-m\libc_nano.a(lib_a-impure.o)
                              c:/ac6/systemworkbench/plugins/fr.ac6.mcu.externaltools.arm-none.win32_1.17.0.201812190825/tools/compiler/bin/../lib/gcc/arm-none-eabi/7.3.1/../../../../arm-none-eabi/lib/thumb/v7-m\libc_nano.a(lib_a-exit.o) (_global_impure_ptr)
c:/ac6/systemworkbench/plugins/fr.ac6.mcu.externaltools.arm-none.win32_1.17.0.201812190825/tools/compiler/bin/../lib/gcc/arm-none-eabi/7.3.1/../../../../arm-none-eabi/lib/thumb/v7-m\libc_nano.a(lib_a-init.o)
                              c:/ac6/systemworkbench/plugins/fr.ac6.mcu.externaltools.arm-none.win32_1.17.0.201812190825/tools/compiler/bin/../lib/gcc/arm-none-eabi/7.3.1/../../../../arm-none-eabi/lib/thumb/v7-m/crt0.o (__libc_init_array)
c:/ac6/systemworkbench/plugins/fr.ac6.mcu.externaltools.arm-none.win32_1.17.0.201812190825/tools/compiler/bin/../lib/gcc/arm-none-eabi/7.3.1/../../../../arm-none-eabi/lib/thumb/v7-m\libc_nano.a(lib_a-memset.o)
                              c:/ac6/systemworkbench/plugins/fr.ac6.mcu.externaltools.arm-none.win32_1.17.0.201812190825/tools/compiler/bin/../lib/gcc/arm-none-eabi/7.3.1/../../../../arm-none-eabi/lib/thumb/v7-m/crt0.o (memset)

Allocating common symbols
Common symbol       size              file

digit               0x2               Core/Src/main.o
hUsbDeviceFS        0x2c4             USB_DEVICE/App/usb_device.o
uwTick              0x4               Drivers/STM32F1xx_HAL_Driver/Src/stm32f1xx_hal.o
pFlash              0x20              Drivers/STM32F1xx_HAL_Driver/Src/stm32f1xx_hal_flash.o
UserRxBufferFS      0x3e8             USB_DEVICE/App/usbd_cdc_if.o
UserTxBufferFS      0x3e8             USB_DEVICE/App/usbd_cdc_if.o
hpcd_USB_FS         0x26c             USB_DEVICE/Target/usbd_conf.o
USBD_StrDesc        0x200             USB_DEVICE/App/usbd_desc.o

Discarded input sections

 .text          0x00000000        0x0 c:/ac6/systemworkbench/plugins/fr.ac6.mcu.externaltools.arm-none.win32_1.17.0.201812190825/tools/compiler/bin/../lib/gcc/arm-none-eabi/7.3.1/thumb/v7-m/crti.o
 .data          0x00000000        0x0 c:/ac6/systemworkbench/plugins/fr.ac6.mcu.externaltools.arm-none.win32_1.17.0.201812190825/tools/compiler/bin/../lib/gcc/arm-none-eabi/7.3.1/thumb/v7-m/crti.o
 .bss           0x00000000        0x0 c:/ac6/systemworkbench/plugins/fr.ac6.mcu.externaltools.arm-none.win32_1.17.0.201812190825/tools/compiler/bin/../lib/gcc/arm-none-eabi/7.3.1/thumb/v7-m/crti.o
 .data          0x00000000        0x4 c:/ac6/systemworkbench/plugins/fr.ac6.mcu.externaltools.arm-none.win32_1.17.0.201812190825/tools/compiler/bin/../lib/gcc/arm-none-eabi/7.3.1/thumb/v7-m/crtbegin.o
 .text          0x00000000       0x74 c:/ac6/systemworkbench/plugins/fr.ac6.mcu.externaltools.arm-none.win32_1.17.0.201812190825/tools/compiler/bin/../lib/gcc/arm-none-eabi/7.3.1/../../../../arm-none-eabi/lib/thumb/v7-m/crt0.o
 .data          0x00000000        0x0 c:/ac6/systemworkbench/plugins/fr.ac6.mcu.externaltools.arm-none.win32_1.17.0.201812190825/tools/compiler/bin/../lib/gcc/arm-none-eabi/7.3.1/../../../../arm-none-eabi/lib/thumb/v7-m/crt0.o
 .bss           0x00000000        0x0 c:/ac6/systemworkbench/plugins/fr.ac6.mcu.externaltools.arm-none.win32_1.17.0.201812190825/tools/compiler/bin/../lib/gcc/arm-none-eabi/7.3.1/../../../../arm-none-eabi/lib/thumb/v7-m/crt0.o
 .ARM.extab     0x00000000        0x0 c:/ac6/systemworkbench/plugins/fr.ac6.mcu.externaltools.arm-none.win32_1.17.0.201812190825/tools/compiler/bin/../lib/gcc/arm-none-eabi/7.3.1/../../../../arm-none-eabi/lib/thumb/v7-m/crt0.o
 .ARM.exidx     0x00000000        0x8 c:/ac6/systemworkbench/plugins/fr.ac6.mcu.externaltools.arm-none.win32_1.17.0.201812190825/tools/compiler/bin/../lib/gcc/arm-none-eabi/7.3.1/../../../../arm-none-eabi/lib/thumb/v7-m/crt0.o
 .ARM.attributes
                0x00000000       0x1b c:/ac6/systemworkbench/plugins/fr.ac6.mcu.externaltools.arm-none.win32_1.17.0.201812190825/tools/compiler/bin/../lib/gcc/arm-none-eabi/7.3.1/../../../../arm-none-eabi/lib/thumb/v7-m/crt0.o
[...]
Memory Configuration

Name             Origin             Length             Attributes
RAM              0x20000000         0x00005000         xrw
FLASH            0x08000000         0x00010000         xr
*default*        0x00000000         0xffffffff

Linker script and memory map

LOAD c:/ac6/systemworkbench/plugins/fr.ac6.mcu.externaltools.arm-none.win32_1.17.0.201812190825/tools/compiler/bin/../lib/gcc/arm-none-eabi/7.3.1/thumb/v7-m/crti.o
LOAD c:/ac6/systemworkbench/plugins/fr.ac6.mcu.externaltools.arm-none.win32_1.17.0.201812190825/tools/compiler/bin/../lib/gcc/arm-none-eabi/7.3.1/thumb/v7-m/crtbegin.o
LOAD c:/ac6/systemworkbench/plugins/fr.ac6.mcu.externaltools.arm-none.win32_1.17.0.201812190825/tools/compiler/bin/../lib/gcc/arm-none-eabi/7.3.1/../../../../arm-none-eabi/lib/thumb/v7-m/crt0.o
LOAD Core/Src/main.o
LOAD Core/Src/stm32f1xx_hal_msp.o
LOAD Core/Src/stm32f1xx_it.o
LOAD Core/Src/syscalls.o
LOAD Core/Src/sysmem.o
LOAD Core/Src/system_stm32f1xx.o
LOAD Core/Startup/startup_stm32f103c8tx.o
LOAD Drivers/STM32F1xx_HAL_Driver/Src/stm32f1xx_hal.o
LOAD Drivers/STM32F1xx_HAL_Driver/Src/stm32f1xx_hal_cortex.o
LOAD Drivers/STM32F1xx_HAL_Driver/Src/stm32f1xx_hal_dma.o
LOAD Drivers/STM32F1xx_HAL_Driver/Src/stm32f1xx_hal_exti.o
LOAD Drivers/STM32F1xx_HAL_Driver/Src/stm32f1xx_hal_flash.o
LOAD Drivers/STM32F1xx_HAL_Driver/Src/stm32f1xx_hal_flash_ex.o
LOAD Drivers/STM32F1xx_HAL_Driver/Src/stm32f1xx_hal_gpio.o
LOAD Drivers/STM32F1xx_HAL_Driver/Src/stm32f1xx_hal_gpio_ex.o
LOAD Drivers/STM32F1xx_HAL_Driver/Src/stm32f1xx_hal_pcd.o
LOAD Drivers/STM32F1xx_HAL_Driver/Src/stm32f1xx_hal_pcd_ex.o
LOAD Drivers/STM32F1xx_HAL_Driver/Src/stm32f1xx_hal_pwr.o
LOAD Drivers/STM32F1xx_HAL_Driver/Src/stm32f1xx_hal_rcc.o
LOAD Drivers/STM32F1xx_HAL_Driver/Src/stm32f1xx_hal_rcc_ex.o
LOAD Drivers/STM32F1xx_HAL_Driver/Src/stm32f1xx_hal_tim.o
LOAD Drivers/STM32F1xx_HAL_Driver/Src/stm32f1xx_hal_tim_ex.o
LOAD Drivers/STM32F1xx_HAL_Driver/Src/stm32f1xx_ll_usb.o
LOAD Middlewares/ST/STM32_USB_Device_Library/Class/CDC/Src/usbd_cdc.o
LOAD Middlewares/ST/STM32_USB_Device_Library/Core/Src/usbd_core.o
LOAD Middlewares/ST/STM32_USB_Device_Library/Core/Src/usbd_ctlreq.o
LOAD Middlewares/ST/STM32_USB_Device_Library/Core/Src/usbd_ioreq.o
LOAD USB_DEVICE/App/usb_device.o
LOAD USB_DEVICE/App/usbd_cdc_if.o
LOAD USB_DEVICE/App/usbd_desc.o
LOAD USB_DEVICE/Target/usbd_conf.o
LOAD startup/startup_stm32f103xb.o
LOAD c:/ac6/systemworkbench/plugins/fr.ac6.mcu.externaltools.arm-none.win32_1.17.0.201812190825/tools/compiler/bin/../lib/gcc/arm-none-eabi/7.3.1/../../../../arm-none-eabi/lib/thumb/v7-m\libm.a
START GROUP
LOAD c:/ac6/systemworkbench/plugins/fr.ac6.mcu.externaltools.arm-none.win32_1.17.0.201812190825/tools/compiler/bin/../lib/gcc/arm-none-eabi/7.3.1/thumb/v7-m\libgcc.a
LOAD c:/ac6/systemworkbench/plugins/fr.ac6.mcu.externaltools.arm-none.win32_1.17.0.201812190825/tools/compiler/bin/../lib/gcc/arm-none-eabi/7.3.1/../../../../arm-none-eabi/lib/thumb/v7-m\libc_nano.a
END GROUP
START GROUP
LOAD c:/ac6/systemworkbench/plugins/fr.ac6.mcu.externaltools.arm-none.win32_1.17.0.201812190825/tools/compiler/bin/../lib/gcc/arm-none-eabi/7.3.1/thumb/v7-m\libgcc.a
LOAD c:/ac6/systemworkbench/plugins/fr.ac6.mcu.externaltools.arm-none.win32_1.17.0.201812190825/tools/compiler/bin/../lib/gcc/arm-none-eabi/7.3.1/../../../../arm-none-eabi/lib/thumb/v7-m\libc_nano.a
LOAD c:/ac6/systemworkbench/plugins/fr.ac6.mcu.externaltools.arm-none.win32_1.17.0.201812190825/tools/compiler/bin/../lib/gcc/arm-none-eabi/7.3.1/../../../../arm-none-eabi/lib/thumb/v7-m\libnosys.a
END GROUP
START GROUP
LOAD c:/ac6/systemworkbench/plugins/fr.ac6.mcu.externaltools.arm-none.win32_1.17.0.201812190825/tools/compiler/bin/../lib/gcc/arm-none-eabi/7.3.1/thumb/v7-m\libgcc.a
LOAD c:/ac6/systemworkbench/plugins/fr.ac6.mcu.externaltools.arm-none.win32_1.17.0.201812190825/tools/compiler/bin/../lib/gcc/arm-none-eabi/7.3.1/../../../../arm-none-eabi/lib/thumb/v7-m\libc_nano.a
LOAD c:/ac6/systemworkbench/plugins/fr.ac6.mcu.externaltools.arm-none.win32_1.17.0.201812190825/tools/compiler/bin/../lib/gcc/arm-none-eabi/7.3.1/../../../../arm-none-eabi/lib/thumb/v7-m\libnosys.a
END GROUP
LOAD c:/ac6/systemworkbench/plugins/fr.ac6.mcu.externaltools.arm-none.win32_1.17.0.201812190825/tools/compiler/bin/../lib/gcc/arm-none-eabi/7.3.1/thumb/v7-m/crtend.o
LOAD c:/ac6/systemworkbench/plugins/fr.ac6.mcu.externaltools.arm-none.win32_1.17.0.201812190825/tools/compiler/bin/../lib/gcc/arm-none-eabi/7.3.1/thumb/v7-m/crtn.o
                0x20005000                _estack = 0x20005000
                0x00000200                _Min_Heap_Size = 0x200
                0x00000400                _Min_Stack_Size = 0x400

.isr_vector     0x08000000      0x218
                0x08000000                . = ALIGN (0x4)
 *(.isr_vector)
 .isr_vector    0x08000000      0x10c Core/Startup/startup_stm32f103c8tx.o
                0x08000000                g_pfnVectors
 .isr_vector    0x0800010c      0x10c startup/startup_stm32f103xb.o
                0x08000218                . = ALIGN (0x4)

.text           0x08000218     0x31a4
                0x08000218                . = ALIGN (0x4)
 *(.text)
 .text          0x08000218       0x40 c:/ac6/systemworkbench/plugins/fr.ac6.mcu.externaltools.arm-none.win32_1.17.0.201812190825/tools/compiler/bin/../lib/gcc/arm-none-eabi/7.3.1/thumb/v7-m/crtbegin.o
 *(.text*)
 .text.MX_GPIO_Init
                0x08000258       0xdc Core/Src/main.o
 .text.sevenSeg_set_number
                0x08000334       0x38 Core/Src/main.o
                0x08000334                sevenSeg_set_number
 .text.HAL_GPIO_EXTI_Callback
                0x0800036c       0x14 Core/Src/main.o
                0x0800036c                HAL_GPIO_EXTI_Callback
 .text.SystemClock_Config
                0x08000380       0x6a Core/Src/main.o
                0x08000380                SystemClock_Config
 .text.main     0x080003ea       0x30 Core/Src/main.o
                0x080003ea                main
 .text.Error_Handler
                0x0800041a        0x2 Core/Src/main.o
                0x0800041a                Error_Handler
 .text.HAL_MspInit
                0x0800041c       0x44 Core/Src/stm32f1xx_hal_msp.o
                0x0800041c                HAL_MspInit
 .text.NMI_Handler
                0x08000460        0x2 Core/Src/stm32f1xx_it.o
                0x08000460                NMI_Handler
 .text.HardFault_Handler
                0x08000462        0x2 Core/Src/stm32f1xx_it.o
                0x08000462                HardFault_Handler
 .text.MemManage_Handler
                0x08000464        0x2 Core/Src/stm32f1xx_it.o
                0x08000464                MemManage_Handler
 .text.BusFault_Handler
                0x08000466        0x2 Core/Src/stm32f1xx_it.o
                0x08000466                BusFault_Handler
 .text.UsageFault_Handler
                0x08000468        0x2 Core/Src/stm32f1xx_it.o
                0x08000468                UsageFault_Handler
 .text.SVC_Handler
                0x0800046a        0x2 Core/Src/stm32f1xx_it.o
                0x0800046a                SVC_Handler
 .text.DebugMon_Handler
                0x0800046c        0x2 Core/Src/stm32f1xx_it.o
                0x0800046c                DebugMon_Handler
 .text.PendSV_Handler
                0x0800046e        0x2 Core/Src/stm32f1xx_it.o
                0x0800046e                PendSV_Handler
 .text.SysTick_Handler
                0x08000470        0x8 Core/Src/stm32f1xx_it.o
                0x08000470                SysTick_Handler
 .text.USB_LP_CAN1_RX0_IRQHandler
                0x08000478       0x10 Core/Src/stm32f1xx_it.o
                0x08000478                USB_LP_CAN1_RX0_IRQHandler
 .text.EXTI15_10_IRQHandler
                0x08000488        0xc Core/Src/stm32f1xx_it.o
                0x08000488                EXTI15_10_IRQHandler
 .text.SystemInit
                0x08000494       0x4c Core/Src/system_stm32f1xx.o
                0x08000494                SystemInit
 .text.Reset_Handler
                0x080004e0       0x48 Core/Startup/startup_stm32f103c8tx.o
                0x080004e0                Reset_Handler
 .text.Default_Handler
                0x08000528        0x2 Core/Startup/startup_stm32f103c8tx.o
                0x08000528                RTC_Alarm_IRQHandler
                0x08000528                EXTI2_IRQHandler
                0x08000528                TIM1_CC_IRQHandler
                0x08000528                PVD_IRQHandler
                0x08000528                EXTI3_IRQHandler
                0x08000528                EXTI0_IRQHandler
                0x08000528                I2C2_EV_IRQHandler
                0x08000528                ADC1_2_IRQHandler
                0x08000528                SPI1_IRQHandler
                0x08000528                TAMPER_IRQHandler
                0x08000528                DMA1_Channel4_IRQHandler
                0x08000528                USART3_IRQHandler
                0x08000528                RTC_IRQHandler
                0x08000528                DMA1_Channel7_IRQHandler
                0x08000528                CAN1_RX1_IRQHandler
                0x08000528                TIM4_IRQHandler
                0x08000528                I2C1_EV_IRQHandler
                0x08000528                DMA1_Channel6_IRQHandler
                0x08000528                TIM3_IRQHandler
                0x08000528                RCC_IRQHandler
                0x08000528                TIM1_TRG_COM_IRQHandler
                0x08000528                DMA1_Channel1_IRQHandler
                0x08000528                Default_Handler
                0x08000528                EXTI9_5_IRQHandler
                0x08000528                SPI2_IRQHandler
                0x08000528                DMA1_Channel5_IRQHandler
                0x08000528                EXTI4_IRQHandler
                0x08000528                USB_HP_CAN1_TX_IRQHandler
                0x08000528                DMA1_Channel3_IRQHandler
                0x08000528                TIM1_UP_IRQHandler
                0x08000528                WWDG_IRQHandler
                0x08000528                TIM2_IRQHandler
                0x08000528                TIM1_BRK_IRQHandler
                0x08000528                EXTI1_IRQHandler
                0x08000528                USART2_IRQHandler
                0x08000528                I2C2_ER_IRQHandler
                0x08000528                DMA1_Channel2_IRQHandler
                0x08000528                CAN1_SCE_IRQHandler
                0x08000528                FLASH_IRQHandler
                0x08000528                USART1_IRQHandler
                0x08000528                I2C1_ER_IRQHandler
                0x08000528                USBWakeUp_IRQHandler
 *fill*         0x0800052a        0x2 
 .text.HAL_InitTick
                0x0800052c       0x48 Drivers/STM32F1xx_HAL_Driver/Src/stm32f1xx_hal.o
                0x0800052c                HAL_InitTick
 .text.HAL_Init
                0x08000574       0x24 Drivers/STM32F1xx_HAL_Driver/Src/stm32f1xx_hal.o
                0x08000574                HAL_Init
 .text.HAL_IncTick
                0x08000598       0x18 Drivers/STM32F1xx_HAL_Driver/Src/stm32f1xx_hal.o
                0x08000598                HAL_IncTick
 .text.HAL_GetTick
                0x080005b0        0xc Drivers/STM32F1xx_HAL_Driver/Src/stm32f1xx_hal.o
                0x080005b0                HAL_GetTick
 .text.HAL_Delay
                0x080005bc       0x28 Drivers/STM32F1xx_HAL_Driver/Src/stm32f1xx_hal.o
                0x080005bc                HAL_Delay
 .text.HAL_NVIC_SetPriorityGrouping
                0x080005e4       0x24 Drivers/STM32F1xx_HAL_Driver/Src/stm32f1xx_hal_cortex.o
                0x080005e4                HAL_NVIC_SetPriorityGrouping
 .text.HAL_NVIC_SetPriority
                0x08000608       0x68 Drivers/STM32F1xx_HAL_Driver/Src/stm32f1xx_hal_cortex.o
                0x08000608                HAL_NVIC_SetPriority
 .text.HAL_NVIC_EnableIRQ
                0x08000670       0x1c Drivers/STM32F1xx_HAL_Driver/Src/stm32f1xx_hal_cortex.o
                0x08000670                HAL_NVIC_EnableIRQ
 .text.HAL_SYSTICK_Config
                0x0800068c       0x2c Drivers/STM32F1xx_HAL_Driver/Src/stm32f1xx_hal_cortex.o
                0x0800068c                HAL_SYSTICK_Config
 .text.HAL_GPIO_Init
                0x080006b8      0x1d8 Drivers/STM32F1xx_HAL_Driver/Src/stm32f1xx_hal_gpio.o
                0x080006b8                HAL_GPIO_Init
 .text.HAL_GPIO_WritePin
                0x08000890        0xc Drivers/STM32F1xx_HAL_Driver/Src/stm32f1xx_hal_gpio.o
                0x08000890                HAL_GPIO_WritePin
 .text.HAL_GPIO_EXTI_IRQHandler
                0x0800089c       0x1c Drivers/STM32F1xx_HAL_Driver/Src/stm32f1xx_hal_gpio.o
                0x0800089c                HAL_GPIO_EXTI_IRQHandler
 .text.HAL_PCD_Init
                0x080008b8       0xf4 Drivers/STM32F1xx_HAL_Driver/Src/stm32f1xx_hal_pcd.o
                0x080008b8                HAL_PCD_Init
 .text.HAL_PCD_Start
                0x080009ac       0x2e Drivers/STM32F1xx_HAL_Driver/Src/stm32f1xx_hal_pcd.o
                0x080009ac                HAL_PCD_Start
 .text.HAL_PCD_SetAddress
                0x080009da       0x28 Drivers/STM32F1xx_HAL_Driver/Src/stm32f1xx_hal_pcd.o
                0x080009da                HAL_PCD_SetAddress
 .text.HAL_PCD_EP_Open
                0x08000a02       0x70 Drivers/STM32F1xx_HAL_Driver/Src/stm32f1xx_hal_pcd.o
                0x08000a02                HAL_PCD_EP_Open
 .text.HAL_PCD_EP_Close
                0x08000a72       0x5c Drivers/STM32F1xx_HAL_Driver/Src/stm32f1xx_hal_pcd.o
                0x08000a72                HAL_PCD_EP_Close
 .text.HAL_PCD_EP_Receive
                0x08000ace       0x3e Drivers/STM32F1xx_HAL_Driver/Src/stm32f1xx_hal_pcd.o
                0x08000ace                HAL_PCD_EP_Receive
 .text.HAL_PCD_EP_GetRxCount
                0x08000b0c        0xe Drivers/STM32F1xx_HAL_Driver/Src/stm32f1xx_hal_pcd.o
                0x08000b0c                HAL_PCD_EP_GetRxCount
 .text.HAL_PCD_EP_Transmit
                0x08000b1a       0x3c Drivers/STM32F1xx_HAL_Driver/Src/stm32f1xx_hal_pcd.o
                0x08000b1a                HAL_PCD_EP_Transmit
 .text.PCD_EP_ISR_Handler
                0x08000b56      0x370 Drivers/STM32F1xx_HAL_Driver/Src/stm32f1xx_hal_pcd.o
 .text.HAL_PCD_IRQHandler
                0x08000ec6      0x172 Drivers/STM32F1xx_HAL_Driver/Src/stm32f1xx_hal_pcd.o
                0x08000ec6                HAL_PCD_IRQHandler
 .text.HAL_PCD_EP_SetStall
                0x08001038       0x6e Drivers/STM32F1xx_HAL_Driver/Src/stm32f1xx_hal_pcd.o
                0x08001038                HAL_PCD_EP_SetStall
 .text.HAL_PCD_EP_ClrStall
                0x080010a6       0x6e Drivers/STM32F1xx_HAL_Driver/Src/stm32f1xx_hal_pcd.o
                0x080010a6                HAL_PCD_EP_ClrStall
 .text.HAL_PCDEx_PMAConfig
                0x08001114       0x30 Drivers/STM32F1xx_HAL_Driver/Src/stm32f1xx_hal_pcd_ex.o
                0x08001114                HAL_PCDEx_PMAConfig
 .text.RCC_Delay
                0x08001144       0x2c Drivers/STM32F1xx_HAL_Driver/Src/stm32f1xx_hal_rcc.o
 .text.HAL_RCC_OscConfig
                0x08001170      0x410 Drivers/STM32F1xx_HAL_Driver/Src/stm32f1xx_hal_rcc.o
                0x08001170                HAL_RCC_OscConfig
 .text.HAL_RCC_EnableCSS
                0x08001580        0xc Drivers/STM32F1xx_HAL_Driver/Src/stm32f1xx_hal_rcc.o
                0x08001580                HAL_RCC_EnableCSS
 .text.HAL_RCC_GetSysClockFreq
                0x0800158c       0x70 Drivers/STM32F1xx_HAL_Driver/Src/stm32f1xx_hal_rcc.o
                0x0800158c                HAL_RCC_GetSysClockFreq
 .text.HAL_RCC_ClockConfig
                0x080015fc      0x168 Drivers/STM32F1xx_HAL_Driver/Src/stm32f1xx_hal_rcc.o
                0x080015fc                HAL_RCC_ClockConfig
 .text.HAL_RCCEx_PeriphCLKConfig
                0x08001764      0x114 Drivers/STM32F1xx_HAL_Driver/Src/stm32f1xx_hal_rcc_ex.o
                0x08001764                HAL_RCCEx_PeriphCLKConfig
 .text.USB_CoreInit
                0x08001878        0xe Drivers/STM32F1xx_HAL_Driver/Src/stm32f1xx_ll_usb.o
                0x08001878                USB_CoreInit
 .text.USB_EnableGlobalInt
                0x08001886       0x10 Drivers/STM32F1xx_HAL_Driver/Src/stm32f1xx_ll_usb.o
                0x08001886                USB_EnableGlobalInt
 .text.USB_DisableGlobalInt
                0x08001896       0x14 Drivers/STM32F1xx_HAL_Driver/Src/stm32f1xx_ll_usb.o
                0x08001896                USB_DisableGlobalInt
 .text.USB_SetCurrentMode
                0x080018aa        0x4 Drivers/STM32F1xx_HAL_Driver/Src/stm32f1xx_ll_usb.o
                0x080018aa                USB_SetCurrentMode
 .text.USB_DevInit
                0x080018ae       0x2c Drivers/STM32F1xx_HAL_Driver/Src/stm32f1xx_ll_usb.o
                0x080018ae                USB_DevInit
 .text.USB_ActivateEndpoint
                0x080018da      0x368 Drivers/STM32F1xx_HAL_Driver/Src/stm32f1xx_ll_usb.o
                0x080018da                USB_ActivateEndpoint
 .text.USB_DeactivateEndpoint
                0x08001c42      0x1d4 Drivers/STM32F1xx_HAL_Driver/Src/stm32f1xx_ll_usb.o
                0x08001c42                USB_DeactivateEndpoint
 .text.USB_EPSetStall
                0x08001e16       0x4a Drivers/STM32F1xx_HAL_Driver/Src/stm32f1xx_ll_usb.o
                0x08001e16                USB_EPSetStall
 .text.USB_EPClearStall
                0x08001e60       0xa2 Drivers/STM32F1xx_HAL_Driver/Src/stm32f1xx_ll_usb.o
                0x08001e60                USB_EPClearStall
 .text.USB_SetDevAddress
                0x08001f02        0xc Drivers/STM32F1xx_HAL_Driver/Src/stm32f1xx_ll_usb.o
                0x08001f02                USB_SetDevAddress
 .text.USB_DevConnect
                0x08001f0e        0x4 Drivers/STM32F1xx_HAL_Driver/Src/stm32f1xx_ll_usb.o
                0x08001f0e                USB_DevConnect
 .text.USB_DevDisconnect
                0x08001f12        0x4 Drivers/STM32F1xx_HAL_Driver/Src/stm32f1xx_ll_usb.o
                0x08001f12                USB_DevDisconnect
 .text.USB_ReadInterrupts
                0x08001f16        0x6 Drivers/STM32F1xx_HAL_Driver/Src/stm32f1xx_ll_usb.o
                0x08001f16                USB_ReadInterrupts
 .text.USB_EP0_OutStart
                0x08001f1c        0x4 Drivers/STM32F1xx_HAL_Driver/Src/stm32f1xx_ll_usb.o
                0x08001f1c                USB_EP0_OutStart
 .text.USB_WritePMA
                0x08001f20       0x2a Drivers/STM32F1xx_HAL_Driver/Src/stm32f1xx_ll_usb.o
                0x08001f20                USB_WritePMA
 .text.USB_EPStartXfer
                0x08001f4a      0x320 Drivers/STM32F1xx_HAL_Driver/Src/stm32f1xx_ll_usb.o
                0x08001f4a                USB_EPStartXfer
 .text.USB_ReadPMA
                0x0800226a       0x30 Drivers/STM32F1xx_HAL_Driver/Src/stm32f1xx_ll_usb.o
                0x0800226a                USB_ReadPMA
 .text.USBD_CDC_EP0_RxReady
                0x0800229a       0x28 Middlewares/ST/STM32_USB_Device_Library/Class/CDC/Src/usbd_cdc.o
 *fill*         0x080022c2        0x2 
 .text.USBD_CDC_GetFSCfgDesc
                0x080022c4        0xc Middlewares/ST/STM32_USB_Device_Library/Class/CDC/Src/usbd_cdc.o
 .text.USBD_CDC_GetHSCfgDesc
                0x080022d0        0xc Middlewares/ST/STM32_USB_Device_Library/Class/CDC/Src/usbd_cdc.o
 .text.USBD_CDC_GetOtherSpeedCfgDesc
                0x080022dc        0xc Middlewares/ST/STM32_USB_Device_Library/Class/CDC/Src/usbd_cdc.o
 .text.USBD_CDC_GetDeviceQualifierDescriptor
                0x080022e8        0xc Middlewares/ST/STM32_USB_Device_Library/Class/CDC/Src/usbd_cdc.o
                0x080022e8                USBD_CDC_GetDeviceQualifierDescriptor
 .text.USBD_CDC_DataOut
                0x080022f4       0x2e Middlewares/ST/STM32_USB_Device_Library/Class/CDC/Src/usbd_cdc.o
 .text.USBD_CDC_DataIn
                0x08002322       0x4c Middlewares/ST/STM32_USB_Device_Library/Class/CDC/Src/usbd_cdc.o
 .text.USBD_CDC_Setup
                0x0800236e       0xda Middlewares/ST/STM32_USB_Device_Library/Class/CDC/Src/usbd_cdc.o
 .text.USBD_CDC_DeInit
                0x08002448       0x42 Middlewares/ST/STM32_USB_Device_Library/Class/CDC/Src/usbd_cdc.o
 .text.USBD_CDC_Init
                0x0800248a       0xaa Middlewares/ST/STM32_USB_Device_Library/Class/CDC/Src/usbd_cdc.o
 .text.USBD_CDC_RegisterInterface
                0x08002534        0xe Middlewares/ST/STM32_USB_Device_Library/Class/CDC/Src/usbd_cdc.o
                0x08002534                USBD_CDC_RegisterInterface
 .text.USBD_CDC_SetTxBuffer
                0x08002542       0x10 Middlewares/ST/STM32_USB_Device_Library/Class/CDC/Src/usbd_cdc.o
                0x08002542                USBD_CDC_SetTxBuffer
 .text.USBD_CDC_SetRxBuffer
                0x08002552        0xc Middlewares/ST/STM32_USB_Device_Library/Class/CDC/Src/usbd_cdc.o
                0x08002552                USBD_CDC_SetRxBuffer
 .text.USBD_CDC_ReceivePacket
                0x0800255e       0x32 Middlewares/ST/STM32_USB_Device_Library/Class/CDC/Src/usbd_cdc.o
                0x0800255e                USBD_CDC_ReceivePacket
 .text.USBD_Init
                0x08002590       0x2e Middlewares/ST/STM32_USB_Device_Library/Core/Src/usbd_core.o
                0x08002590                USBD_Init
 .text.USBD_RegisterClass
                0x080025be        0xe Middlewares/ST/STM32_USB_Device_Library/Core/Src/usbd_core.o
                0x080025be                USBD_RegisterClass
 .text.USBD_Start
                0x080025cc        0xa Middlewares/ST/STM32_USB_Device_Library/Core/Src/usbd_core.o
                0x080025cc                USBD_Start
 .text.USBD_SetClassConfig
                0x080025d6       0x1a Middlewares/ST/STM32_USB_Device_Library/Core/Src/usbd_core.o
                0x080025d6                USBD_SetClassConfig
 .text.USBD_ClrClassConfig
                0x080025f0        0xe Middlewares/ST/STM32_USB_Device_Library/Core/Src/usbd_core.o
                0x080025f0                USBD_ClrClassConfig
 .text.USBD_LL_SetupStage
                0x080025fe       0x5a Middlewares/ST/STM32_USB_Device_Library/Core/Src/usbd_core.o
                0x080025fe                USBD_LL_SetupStage
 .text.USBD_LL_DataOutStage
                0x08002658       0x92 Middlewares/ST/STM32_USB_Device_Library/Core/Src/usbd_core.o
                0x08002658                USBD_LL_DataOutStage
 .text.USBD_LL_DataInStage
                0x080026ea       0xd2 Middlewares/ST/STM32_USB_Device_Library/Core/Src/usbd_core.o
                0x080026ea                USBD_LL_DataInStage
 .text.USBD_LL_Reset
                0x080027bc       0x50 Middlewares/ST/STM32_USB_Device_Library/Core/Src/usbd_core.o
                0x080027bc                USBD_LL_Reset
 .text.USBD_LL_SetSpeed
                0x0800280c        0x6 Middlewares/ST/STM32_USB_Device_Library/Core/Src/usbd_core.o
                0x0800280c                USBD_LL_SetSpeed
 .text.USBD_LL_Suspend
                0x08002812       0x12 Middlewares/ST/STM32_USB_Device_Library/Core/Src/usbd_core.o
                0x08002812                USBD_LL_Suspend
 .text.USBD_LL_Resume
                0x08002824       0x16 Middlewares/ST/STM32_USB_Device_Library/Core/Src/usbd_core.o
                0x08002824                USBD_LL_Resume
 .text.USBD_LL_SOF
                0x0800283a       0x1c Middlewares/ST/STM32_USB_Device_Library/Core/Src/usbd_core.o
                0x0800283a                USBD_LL_SOF
 .text.USBD_GetLen
                0x08002856       0x14 Middlewares/ST/STM32_USB_Device_Library/Core/Src/usbd_ctlreq.o
 .text.USBD_SetFeature
                0x0800286a       0x14 Middlewares/ST/STM32_USB_Device_Library/Core/Src/usbd_ctlreq.o
 .text.USBD_ParseSetupRequest
                0x0800287e       0x28 Middlewares/ST/STM32_USB_Device_Library/Core/Src/usbd_ctlreq.o
                0x0800287e                USBD_ParseSetupRequest
 .text.USBD_CtlError
                0x080028a6       0x14 Middlewares/ST/STM32_USB_Device_Library/Core/Src/usbd_ctlreq.o
                0x080028a6                USBD_CtlError
 .text.USBD_GetDescriptor
                0x080028ba      0x186 Middlewares/ST/STM32_USB_Device_Library/Core/Src/usbd_ctlreq.o
 .text.USBD_SetAddress
                0x08002a40       0x4e Middlewares/ST/STM32_USB_Device_Library/Core/Src/usbd_ctlreq.o
 *fill*         0x08002a8e        0x2 
 .text.USBD_SetConfig
                0x08002a90       0xb0 Middlewares/ST/STM32_USB_Device_Library/Core/Src/usbd_ctlreq.o
 .text.USBD_GetConfig
                0x08002b40       0x3c Middlewares/ST/STM32_USB_Device_Library/Core/Src/usbd_ctlreq.o
 .text.USBD_GetStatus
                0x08002b7c       0x38 Middlewares/ST/STM32_USB_Device_Library/Core/Src/usbd_ctlreq.o
 .text.USBD_ClrFeature
                0x08002bb4       0x26 Middlewares/ST/STM32_USB_Device_Library/Core/Src/usbd_ctlreq.o
 .text.USBD_StdDevReq
                0x08002bda       0x68 Middlewares/ST/STM32_USB_Device_Library/Core/Src/usbd_ctlreq.o
                0x08002bda                USBD_StdDevReq
 .text.USBD_StdItfReq
                0x08002c42       0x60 Middlewares/ST/STM32_USB_Device_Library/Core/Src/usbd_ctlreq.o
                0x08002c42                USBD_StdItfReq
 .text.USBD_StdEPReq
                0x08002ca2      0x20e Middlewares/ST/STM32_USB_Device_Library/Core/Src/usbd_ctlreq.o
                0x08002ca2                USBD_StdEPReq
 .text.USBD_GetString
                0x08002eb0       0x38 Middlewares/ST/STM32_USB_Device_Library/Core/Src/usbd_ctlreq.o
                0x08002eb0                USBD_GetString
 .text.USBD_CtlSendData
                0x08002ee8       0x1a Middlewares/ST/STM32_USB_Device_Library/Core/Src/usbd_ioreq.o
                0x08002ee8                USBD_CtlSendData
 .text.USBD_CtlContinueSendData
                0x08002f02       0x10 Middlewares/ST/STM32_USB_Device_Library/Core/Src/usbd_ioreq.o
                0x08002f02                USBD_CtlContinueSendData
 .text.USBD_CtlPrepareRx
                0x08002f12       0x1e Middlewares/ST/STM32_USB_Device_Library/Core/Src/usbd_ioreq.o
                0x08002f12                USBD_CtlPrepareRx
 .text.USBD_CtlContinueRx
                0x08002f30       0x10 Middlewares/ST/STM32_USB_Device_Library/Core/Src/usbd_ioreq.o
                0x08002f30                USBD_CtlContinueRx
 .text.USBD_CtlSendStatus
                0x08002f40       0x16 Middlewares/ST/STM32_USB_Device_Library/Core/Src/usbd_ioreq.o
                0x08002f40                USBD_CtlSendStatus
 .text.USBD_CtlReceiveStatus
                0x08002f56       0x16 Middlewares/ST/STM32_USB_Device_Library/Core/Src/usbd_ioreq.o
                0x08002f56                USBD_CtlReceiveStatus
 .text.MX_USB_DEVICE_Init
                0x08002f6c       0x54 USB_DEVICE/App/usb_device.o
                0x08002f6c                MX_USB_DEVICE_Init
 .text.CDC_DeInit_FS
                0x08002fc0        0x4 USB_DEVICE/App/usbd_cdc_if.o
 .text.CDC_Control_FS
                0x08002fc4        0x4 USB_DEVICE/App/usbd_cdc_if.o
 .text.CDC_Receive_FS
                0x08002fc8       0x1c USB_DEVICE/App/usbd_cdc_if.o
 .text.CDC_Init_FS
                0x08002fe4       0x28 USB_DEVICE/App/usbd_cdc_if.o
 .text.USBD_FS_DeviceDescriptor
                0x0800300c        0xc USB_DEVICE/App/usbd_desc.o
                0x0800300c                USBD_FS_DeviceDescriptor
 .text.USBD_FS_LangIDStrDescriptor
                0x08003018        0xc USB_DEVICE/App/usbd_desc.o
                0x08003018                USBD_FS_LangIDStrDescriptor
 .text.IntToUnicode
                0x08003024       0x36 USB_DEVICE/App/usbd_desc.o
 *fill*         0x0800305a        0x2 
 .text.Get_SerialNum
                0x0800305c       0x38 USB_DEVICE/App/usbd_desc.o
 .text.USBD_FS_SerialStrDescriptor
                0x08003094       0x14 USB_DEVICE/App/usbd_desc.o
                0x08003094                USBD_FS_SerialStrDescriptor
 .text.USBD_FS_ProductStrDescriptor
                0x080030a8       0x24 USB_DEVICE/App/usbd_desc.o
                0x080030a8                USBD_FS_ProductStrDescriptor
 .text.USBD_FS_ManufacturerStrDescriptor
                0x080030cc       0x1c USB_DEVICE/App/usbd_desc.o
                0x080030cc                USBD_FS_ManufacturerStrDescriptor
 .text.USBD_FS_ConfigStrDescriptor
                0x080030e8       0x24 USB_DEVICE/App/usbd_desc.o
                0x080030e8                USBD_FS_ConfigStrDescriptor
 .text.USBD_FS_InterfaceStrDescriptor
                0x0800310c       0x24 USB_DEVICE/App/usbd_desc.o
                0x0800310c                USBD_FS_InterfaceStrDescriptor
 .text.USBD_Get_USB_Status
                0x08003130       0x12 USB_DEVICE/Target/usbd_conf.o
 *fill*         0x08003142        0x2 
 .text.HAL_PCD_MspInit
                0x08003144       0x40 USB_DEVICE/Target/usbd_conf.o
                0x08003144                HAL_PCD_MspInit
 .text.HAL_PCD_SetupStageCallback
                0x08003184       0x10 USB_DEVICE/Target/usbd_conf.o
                0x08003184                HAL_PCD_SetupStageCallback
 .text.HAL_PCD_DataOutStageCallback
                0x08003194       0x14 USB_DEVICE/Target/usbd_conf.o
                0x08003194                HAL_PCD_DataOutStageCallback
 .text.HAL_PCD_DataInStageCallback
                0x080031a8       0x12 USB_DEVICE/Target/usbd_conf.o
                0x080031a8                HAL_PCD_DataInStageCallback
 .text.HAL_PCD_SOFCallback
                0x080031ba        0xc USB_DEVICE/Target/usbd_conf.o
                0x080031ba                HAL_PCD_SOFCallback
 .text.HAL_PCD_ResetCallback
                0x080031c6       0x22 USB_DEVICE/Target/usbd_conf.o
                0x080031c6                HAL_PCD_ResetCallback
 .text.HAL_PCD_SuspendCallback
                0x080031e8       0x20 USB_DEVICE/Target/usbd_conf.o
                0x080031e8                HAL_PCD_SuspendCallback
 .text.HAL_PCD_ResumeCallback
                0x08003208        0xc USB_DEVICE/Target/usbd_conf.o
                0x08003208                HAL_PCD_ResumeCallback
 .text.USBD_LL_Init
                0x08003214       0x84 USB_DEVICE/Target/usbd_conf.o
                0x08003214                USBD_LL_Init
 .text.USBD_LL_Start
                0x08003298       0x10 USB_DEVICE/Target/usbd_conf.o
                0x08003298                USBD_LL_Start
 .text.USBD_LL_OpenEP
                0x080032a8       0x16 USB_DEVICE/Target/usbd_conf.o
                0x080032a8                USBD_LL_OpenEP
 .text.USBD_LL_CloseEP
                0x080032be       0x10 USB_DEVICE/Target/usbd_conf.o
                0x080032be                USBD_LL_CloseEP
 .text.USBD_LL_StallEP
                0x080032ce       0x10 USB_DEVICE/Target/usbd_conf.o
                0x080032ce                USBD_LL_StallEP
 .text.USBD_LL_ClearStallEP
                0x080032de       0x10 USB_DEVICE/Target/usbd_conf.o
                0x080032de                USBD_LL_ClearStallEP
 .text.USBD_LL_IsStallEP
                0x080032ee       0x26 USB_DEVICE/Target/usbd_conf.o
                0x080032ee                USBD_LL_IsStallEP
 .text.USBD_LL_SetUSBAddress
                0x08003314       0x10 USB_DEVICE/Target/usbd_conf.o
                0x08003314                USBD_LL_SetUSBAddress
 .text.USBD_LL_Transmit
                0x08003324       0x10 USB_DEVICE/Target/usbd_conf.o
                0x08003324                USBD_LL_Transmit
 .text.USBD_LL_PrepareReceive
                0x08003334       0x10 USB_DEVICE/Target/usbd_conf.o
                0x08003334                USBD_LL_PrepareReceive
 .text.USBD_LL_GetRxDataSize
                0x08003344        0xc USB_DEVICE/Target/usbd_conf.o
                0x08003344                USBD_LL_GetRxDataSize
 .text.USBD_static_malloc
                0x08003350        0x8 USB_DEVICE/Target/usbd_conf.o
                0x08003350                USBD_static_malloc
 .text.USBD_static_free
                0x08003358        0x2 USB_DEVICE/Target/usbd_conf.o
                0x08003358                USBD_static_free
 .text.HAL_PCDEx_SetConnectionState
                0x0800335a        0x2 USB_DEVICE/Target/usbd_conf.o
                0x0800335a                HAL_PCDEx_SetConnectionState
 .text.__libc_init_array
                0x0800335c       0x48 c:/ac6/systemworkbench/plugins/fr.ac6.mcu.externaltools.arm-none.win32_1.17.0.201812190825/tools/compiler/bin/../lib/gcc/arm-none-eabi/7.3.1/../../../../arm-none-eabi/lib/thumb/v7-m\libc_nano.a(lib_a-init.o)
                0x0800335c                __libc_init_array
 *(.glue_7)
 .glue_7        0x080033a4        0x0 linker stubs
 *(.glue_7t)
 .glue_7t       0x080033a4        0x0 linker stubs
 *(.eh_frame)
 .eh_frame      0x080033a4        0x0 c:/ac6/systemworkbench/plugins/fr.ac6.mcu.externaltools.arm-none.win32_1.17.0.201812190825/tools/compiler/bin/../lib/gcc/arm-none-eabi/7.3.1/thumb/v7-m/crtbegin.o
 *(.init)
 .init          0x080033a4        0x4 c:/ac6/systemworkbench/plugins/fr.ac6.mcu.externaltools.arm-none.win32_1.17.0.201812190825/tools/compiler/bin/../lib/gcc/arm-none-eabi/7.3.1/thumb/v7-m/crti.o
                0x080033a4                _init
 .init          0x080033a8        0x8 c:/ac6/systemworkbench/plugins/fr.ac6.mcu.externaltools.arm-none.win32_1.17.0.201812190825/tools/compiler/bin/../lib/gcc/arm-none-eabi/7.3.1/thumb/v7-m/crtn.o
 *(.fini)
 .fini          0x080033b0        0x4 c:/ac6/systemworkbench/plugins/fr.ac6.mcu.externaltools.arm-none.win32_1.17.0.201812190825/tools/compiler/bin/../lib/gcc/arm-none-eabi/7.3.1/thumb/v7-m/crti.o
                0x080033b0                _fini
 .fini          0x080033b4        0x8 c:/ac6/systemworkbench/plugins/fr.ac6.mcu.externaltools.arm-none.win32_1.17.0.201812190825/tools/compiler/bin/../lib/gcc/arm-none-eabi/7.3.1/thumb/v7-m/crtn.o
                0x080033bc                . = ALIGN (0x4)
                0x080033bc                _etext = .

.vfp11_veneer   0x080033bc        0x0
 .vfp11_veneer  0x080033bc        0x0 linker stubs

.v4_bx          0x080033bc        0x0
 .v4_bx         0x080033bc        0x0 linker stubs

.iplt           0x080033bc        0x0
 .iplt          0x080033bc        0x0 c:/ac6/systemworkbench/plugins/fr.ac6.mcu.externaltools.arm-none.win32_1.17.0.201812190825/tools/compiler/bin/../lib/gcc/arm-none-eabi/7.3.1/thumb/v7-m/crtbegin.o

.rodata         0x080033bc       0x88
                0x080033bc                . = ALIGN (0x4)
 *(.rodata)
 .rodata        0x080033bc       0x14 Core/Src/main.o
                0x080033bc                digit_map
                0x080033c8                segment_map_arr
 .rodata        0x080033d0       0x18 Core/Src/system_stm32f1xx.o
                0x080033d0                AHBPrescTable
                0x080033e0                APBPrescTable
 .rodata        0x080033e8       0x12 Drivers/STM32F1xx_HAL_Driver/Src/stm32f1xx_hal_rcc.o
 *(.rodata*)
 *fill*         0x080033fa        0x2 
 .rodata.str1.4
                0x080033fc       0x48 USB_DEVICE/App/usbd_desc.o
                                 0x46 (size before relaxing)
                0x08003444                . = ALIGN (0x4)

.rel.dyn        0x08003444        0x0
 .rel.iplt      0x08003444        0x0 c:/ac6/systemworkbench/plugins/fr.ac6.mcu.externaltools.arm-none.win32_1.17.0.201812190825/tools/compiler/bin/../lib/gcc/arm-none-eabi/7.3.1/thumb/v7-m/crtbegin.o

.ARM.extab
 *(.ARM.extab* .gnu.linkonce.armextab.*)

.ARM            0x08003444        0x0
                0x08003444                __exidx_start = .
 *(.ARM.exidx*)
                0x08003444                __exidx_end = .

.preinit_array  0x08003444        0x0
                0x08003444                PROVIDE (__preinit_array_start = .)
 *(.preinit_array*)
                0x08003444                PROVIDE (__preinit_array_end = .)

.init_array     0x08003444        0x4
                0x08003444                PROVIDE (__init_array_start = .)
 *(SORT_BY_NAME(.init_array.*))
 *(.init_array*)
 .init_array    0x08003444        0x4 c:/ac6/systemworkbench/plugins/fr.ac6.mcu.externaltools.arm-none.win32_1.17.0.201812190825/tools/compiler/bin/../lib/gcc/arm-none-eabi/7.3.1/thumb/v7-m/crtbegin.o
                0x08003448                PROVIDE (__init_array_end = .)

.fini_array     0x08003448        0x4
                [!provide]                PROVIDE (__fini_array_start = .)
 *(SORT_BY_NAME(.fini_array.*))
 *(.fini_array*)
 .fini_array    0x08003448        0x4 c:/ac6/systemworkbench/plugins/fr.ac6.mcu.externaltools.arm-none.win32_1.17.0.201812190825/tools/compiler/bin/../lib/gcc/arm-none-eabi/7.3.1/thumb/v7-m/crtbegin.o
                [!provide]                PROVIDE (__fini_array_end = .)
                0x0800344c                _sidata = LOADADDR (.data)

.data           0x20000000      0x17c load address 0x0800344c
                0x20000000                . = ALIGN (0x4)
                0x20000000                _sdata = .
 *(.data)
 .data          0x20000000        0x4 Core/Src/system_stm32f1xx.o
                0x20000000                SystemCoreClock
 .data          0x20000004        0x8 Drivers/STM32F1xx_HAL_Driver/Src/stm32f1xx_hal.o
                0x20000004                uwTickFreq
                0x20000008                uwTickPrio
 .data          0x2000000c      0x110 Middlewares/ST/STM32_USB_Device_Library/Class/CDC/Src/usbd_cdc.o
                0x2000000c                USBD_CDC_CfgFSDesc
                0x20000050                USBD_CDC_CfgHSDesc
                0x20000094                USBD_CDC_OtherSpeedCfgDesc
                0x200000e4                USBD_CDC
 .data          0x2000011c       0x10 USB_DEVICE/App/usbd_cdc_if.o
                0x2000011c                USBD_Interface_fops_FS
 .data          0x2000012c       0x50 USB_DEVICE/App/usbd_desc.o
                0x2000012c                USBD_FS_DeviceDesc
                0x20000140                USBD_LangIDDesc
                0x20000144                USBD_StringSerial
                0x20000160                FS_Desc
 *(.data*)
                0x2000017c                . = ALIGN (0x4)
                0x2000017c                _edata = .

.igot.plt       0x2000017c        0x0 load address 0x080035c8
 .igot.plt      0x2000017c        0x0 c:/ac6/systemworkbench/plugins/fr.ac6.mcu.externaltools.arm-none.win32_1.17.0.201812190825/tools/compiler/bin/../lib/gcc/arm-none-eabi/7.3.1/thumb/v7-m/crtbegin.o
                0x2000017c                . = ALIGN (0x4)

.bss            0x2000017c     0x114c load address 0x080035c8
                0x2000017c                _sbss = .
                0x2000017c                __bss_start__ = _sbss
 *(.bss)
 .bss           0x2000017c       0x1c c:/ac6/systemworkbench/plugins/fr.ac6.mcu.externaltools.arm-none.win32_1.17.0.201812190825/tools/compiler/bin/../lib/gcc/arm-none-eabi/7.3.1/thumb/v7-m/crtbegin.o
 .bss           0x20000198        0x4 Core/Src/main.o
                0x20000198                blink
 .bss           0x2000019c        0x1 Middlewares/ST/STM32_USB_Device_Library/Core/Src/usbd_ctlreq.o
 *fill*         0x2000019d        0x3 
 .bss           0x200001a0      0x220 USB_DEVICE/Target/usbd_conf.o
 *(.bss*)
 *(COMMON)
 COMMON         0x200003c0        0x2 Core/Src/main.o
                0x200003c0                digit
 *fill*         0x200003c2        0x2 
 COMMON         0x200003c4        0x4 Drivers/STM32F1xx_HAL_Driver/Src/stm32f1xx_hal.o
                0x200003c4                uwTick
 COMMON         0x200003c8      0x2c4 USB_DEVICE/App/usb_device.o
                0x200003c8                hUsbDeviceFS
 COMMON         0x2000068c      0x7d0 USB_DEVICE/App/usbd_cdc_if.o
                0x2000068c                UserRxBufferFS
                0x20000a74                UserTxBufferFS
 COMMON         0x20000e5c      0x200 USB_DEVICE/App/usbd_desc.o
                0x20000e5c                USBD_StrDesc
 COMMON         0x2000105c      0x26c USB_DEVICE/Target/usbd_conf.o
                0x2000105c                hpcd_USB_FS
                0x200012c8                . = ALIGN (0x4)
                0x200012c8                _ebss = .
                0x200012c8                __bss_end__ = _ebss

._user_heap_stack
                0x200012c8      0x600 load address 0x080035c8
                0x200012c8                . = ALIGN (0x8)
                0x200012c8                PROVIDE (end = .)
                [!provide]                PROVIDE (_end = .)
                0x200014c8                . = (. + _Min_Heap_Size)
 *fill*         0x200012c8      0x200 
                0x200018c8                . = (. + _Min_Stack_Size)
 *fill*         0x200014c8      0x400 
                0x200018c8                . = ALIGN (0x8)

/DISCARD/
 libc.a(*)
 libm.a(*)
 libgcc.a(*)

.ARM.attributes
                0x00000000       0x29
 *(.ARM.attributes)
 .ARM.attributes
                0x00000000       0x1d c:/ac6/systemworkbench/plugins/fr.ac6.mcu.externaltools.arm-none.win32_1.17.0.201812190825/tools/compiler/bin/../lib/gcc/arm-none-eabi/7.3.1/thumb/v7-m/crti.o
 .ARM.attributes
                0x0000001d       0x2d c:/ac6/systemworkbench/plugins/fr.ac6.mcu.externaltools.arm-none.win32_1.17.0.201812190825/tools/compiler/bin/../lib/gcc/arm-none-eabi/7.3.1/thumb/v7-m/crtbegin.o
 .ARM.attributes
                0x0000004a       0x33 Core/Src/main.o
 .ARM.attributes
                0x0000007d       0x33 Core/Src/stm32f1xx_hal_msp.o
 .ARM.attributes
                0x000000b0       0x33 Core/Src/stm32f1xx_it.o
 .ARM.attributes
                0x000000e3       0x33 Core/Src/system_stm32f1xx.o
 .ARM.attributes
                0x00000116       0x21 Core/Startup/startup_stm32f103c8tx.o
 .ARM.attributes
                0x00000137       0x33 Drivers/STM32F1xx_HAL_Driver/Src/stm32f1xx_hal.o
 .ARM.attributes
                0x0000016a       0x33 Drivers/STM32F1xx_HAL_Driver/Src/stm32f1xx_hal_cortex.o
 .ARM.attributes
                0x0000019d       0x33 Drivers/STM32F1xx_HAL_Driver/Src/stm32f1xx_hal_gpio.o
 .ARM.attributes
                0x000001d0       0x33 Drivers/STM32F1xx_HAL_Driver/Src/stm32f1xx_hal_pcd.o
 .ARM.attributes
                0x00000203       0x33 Drivers/STM32F1xx_HAL_Driver/Src/stm32f1xx_hal_pcd_ex.o
 .ARM.attributes
                0x00000236       0x33 Drivers/STM32F1xx_HAL_Driver/Src/stm32f1xx_hal_rcc.o
 .ARM.attributes
                0x00000269       0x33 Drivers/STM32F1xx_HAL_Driver/Src/stm32f1xx_hal_rcc_ex.o
 .ARM.attributes
                0x0000029c       0x33 Drivers/STM32F1xx_HAL_Driver/Src/stm32f1xx_ll_usb.o
 .ARM.attributes
                0x000002cf       0x33 Middlewares/ST/STM32_USB_Device_Library/Class/CDC/Src/usbd_cdc.o
 .ARM.attributes
                0x00000302       0x33 Middlewares/ST/STM32_USB_Device_Library/Core/Src/usbd_core.o
 .ARM.attributes
                0x00000335       0x33 Middlewares/ST/STM32_USB_Device_Library/Core/Src/usbd_ctlreq.o
 .ARM.attributes
                0x00000368       0x33 Middlewares/ST/STM32_USB_Device_Library/Core/Src/usbd_ioreq.o
 .ARM.attributes
                0x0000039b       0x33 USB_DEVICE/App/usb_device.o
 .ARM.attributes
                0x000003ce       0x33 USB_DEVICE/App/usbd_cdc_if.o
 .ARM.attributes
                0x00000401       0x33 USB_DEVICE/App/usbd_desc.o
 .ARM.attributes
                0x00000434       0x33 USB_DEVICE/Target/usbd_conf.o
 .ARM.attributes
                0x00000467       0x21 startup/startup_stm32f103xb.o
 .ARM.attributes
                0x00000488       0x2d c:/ac6/systemworkbench/plugins/fr.ac6.mcu.externaltools.arm-none.win32_1.17.0.201812190825/tools/compiler/bin/../lib/gcc/arm-none-eabi/7.3.1/../../../../arm-none-eabi/lib/thumb/v7-m\libc_nano.a(lib_a-init.o)
 .ARM.attributes
                0x000004b5       0x1d c:/ac6/systemworkbench/plugins/fr.ac6.mcu.externaltools.arm-none.win32_1.17.0.201812190825/tools/compiler/bin/../lib/gcc/arm-none-eabi/7.3.1/thumb/v7-m/crtn.o
OUTPUT(test_arm_stm32_2.elf elf32-littlearm)

.debug_info     0x00000000    0x122d6
 .debug_info    0x00000000     0x11f6 Core/Src/main.o
 .debug_info    0x000011f6      0x2ca Core/Src/stm32f1xx_hal_msp.o
 .debug_info    0x000014c0      0x6e7 Core/Src/stm32f1xx_it.o
 .debug_info    0x00001ba7      0x436 Core/Src/system_stm32f1xx.o
 .debug_info    0x00001fdd       0x22 Core/Startup/startup_stm32f103c8tx.o
 .debug_info    0x00001fff      0x7a9 Drivers/STM32F1xx_HAL_Driver/Src/stm32f1xx_hal.o
 .debug_info    0x000027a8      0xcaa Drivers/STM32F1xx_HAL_Driver/Src/stm32f1xx_hal_cortex.o
 .debug_info    0x00003452      0x690 Drivers/STM32F1xx_HAL_Driver/Src/stm32f1xx_hal_gpio.o
 .debug_info    0x00003ae2     0x12e7 Drivers/STM32F1xx_HAL_Driver/Src/stm32f1xx_hal_pcd.o
 .debug_info    0x00004dc9      0x75f Drivers/STM32F1xx_HAL_Driver/Src/stm32f1xx_hal_pcd_ex.o
 .debug_info    0x00005528      0x9e4 Drivers/STM32F1xx_HAL_Driver/Src/stm32f1xx_hal_rcc.o
 .debug_info    0x00005f0c      0x48c Drivers/STM32F1xx_HAL_Driver/Src/stm32f1xx_hal_rcc_ex.o
 .debug_info    0x00006398     0x15c5 Drivers/STM32F1xx_HAL_Driver/Src/stm32f1xx_ll_usb.o
 .debug_info    0x0000795d     0x1ade Middlewares/ST/STM32_USB_Device_Library/Class/CDC/Src/usbd_cdc.o
 .debug_info    0x0000943b     0x155d Middlewares/ST/STM32_USB_Device_Library/Core/Src/usbd_core.o
 .debug_info    0x0000a998     0x1882 Middlewares/ST/STM32_USB_Device_Library/Core/Src/usbd_ctlreq.o
 .debug_info    0x0000c21a     0x102d Middlewares/ST/STM32_USB_Device_Library/Core/Src/usbd_ioreq.o
 .debug_info    0x0000d247      0xf3c USB_DEVICE/App/usb_device.o
 .debug_info    0x0000e183     0x1102 USB_DEVICE/App/usbd_cdc_if.o
 .debug_info    0x0000f285      0xe57 USB_DEVICE/App/usbd_desc.o
 .debug_info    0x000100dc     0x21d8 USB_DEVICE/Target/usbd_conf.o
 .debug_info    0x000122b4       0x22 startup/startup_stm32f103xb.o

.debug_abbrev   0x00000000     0x2e72
 .debug_abbrev  0x00000000      0x305 Core/Src/main.o
 .debug_abbrev  0x00000305      0x109 Core/Src/stm32f1xx_hal_msp.o
 .debug_abbrev  0x0000040e      0x19b Core/Src/stm32f1xx_it.o
 .debug_abbrev  0x000005a9      0x134 Core/Src/system_stm32f1xx.o
 .debug_abbrev  0x000006dd       0x12 Core/Startup/startup_stm32f103c8tx.o
 .debug_abbrev  0x000006ef      0x1fe Drivers/STM32F1xx_HAL_Driver/Src/stm32f1xx_hal.o
 .debug_abbrev  0x000008ed      0x303 Drivers/STM32F1xx_HAL_Driver/Src/stm32f1xx_hal_cortex.o
 .debug_abbrev  0x00000bf0      0x1de Drivers/STM32F1xx_HAL_Driver/Src/stm32f1xx_hal_gpio.o
 .debug_abbrev  0x00000dce      0x289 Drivers/STM32F1xx_HAL_Driver/Src/stm32f1xx_hal_pcd.o
 .debug_abbrev  0x00001057      0x197 Drivers/STM32F1xx_HAL_Driver/Src/stm32f1xx_hal_pcd_ex.o
 .debug_abbrev  0x000011ee      0x257 Drivers/STM32F1xx_HAL_Driver/Src/stm32f1xx_hal_rcc.o
 .debug_abbrev  0x00001445      0x1c9 Drivers/STM32F1xx_HAL_Driver/Src/stm32f1xx_hal_rcc_ex.o
 .debug_abbrev  0x0000160e      0x23c Drivers/STM32F1xx_HAL_Driver/Src/stm32f1xx_ll_usb.o
 .debug_abbrev  0x0000184a      0x32c Middlewares/ST/STM32_USB_Device_Library/Class/CDC/Src/usbd_cdc.o
 .debug_abbrev  0x00001b76      0x2ac Middlewares/ST/STM32_USB_Device_Library/Core/Src/usbd_core.o
 .debug_abbrev  0x00001e22      0x329 Middlewares/ST/STM32_USB_Device_Library/Core/Src/usbd_ctlreq.o
 .debug_abbrev  0x0000214b      0x215 Middlewares/ST/STM32_USB_Device_Library/Core/Src/usbd_ioreq.o
 .debug_abbrev  0x00002360      0x21c USB_DEVICE/App/usb_device.o
 .debug_abbrev  0x0000257c      0x2c9 USB_DEVICE/App/usbd_cdc_if.o
 .debug_abbrev  0x00002845      0x2e5 USB_DEVICE/App/usbd_desc.o
 .debug_abbrev  0x00002b2a      0x336 USB_DEVICE/Target/usbd_conf.o
 .debug_abbrev  0x00002e60       0x12 startup/startup_stm32f103xb.o

.debug_loc      0x00000000     0x5e52
 .debug_loc     0x00000000       0x56 Core/Src/main.o
 .debug_loc     0x00000056       0xdf Core/Src/system_stm32f1xx.o
 .debug_loc     0x00000135      0x104 Drivers/STM32F1xx_HAL_Driver/Src/stm32f1xx_hal.o
 .debug_loc     0x00000239      0x5ad Drivers/STM32F1xx_HAL_Driver/Src/stm32f1xx_hal_cortex.o
 .debug_loc     0x000007e6      0x3b7 Drivers/STM32F1xx_HAL_Driver/Src/stm32f1xx_hal_gpio.o
 .debug_loc     0x00000b9d      0xaeb Drivers/STM32F1xx_HAL_Driver/Src/stm32f1xx_hal_pcd.o
 .debug_loc     0x00001688       0xdc Drivers/STM32F1xx_HAL_Driver/Src/stm32f1xx_hal_pcd_ex.o
 .debug_loc     0x00001764      0x4bb Drivers/STM32F1xx_HAL_Driver/Src/stm32f1xx_hal_rcc.o
 .debug_loc     0x00001c1f      0x2d0 Drivers/STM32F1xx_HAL_Driver/Src/stm32f1xx_hal_rcc_ex.o
 .debug_loc     0x00001eef     0x10b2 Drivers/STM32F1xx_HAL_Driver/Src/stm32f1xx_ll_usb.o
 .debug_loc     0x00002fa1      0x729 Middlewares/ST/STM32_USB_Device_Library/Class/CDC/Src/usbd_cdc.o
 .debug_loc     0x000036ca      0x6ed Middlewares/ST/STM32_USB_Device_Library/Core/Src/usbd_core.o
 .debug_loc     0x00003db7     0x105b Middlewares/ST/STM32_USB_Device_Library/Core/Src/usbd_ctlreq.o
 .debug_loc     0x00004e12      0x23c Middlewares/ST/STM32_USB_Device_Library/Core/Src/usbd_ioreq.o
 .debug_loc     0x0000504e      0x113 USB_DEVICE/App/usbd_cdc_if.o
 .debug_loc     0x00005161      0x30e USB_DEVICE/App/usbd_desc.o
 .debug_loc     0x0000546f      0x9e3 USB_DEVICE/Target/usbd_conf.o

.debug_aranges  0x00000000      0xa38
 .debug_aranges
                0x00000000       0x50 Core/Src/main.o
 .debug_aranges
                0x00000050       0x20 Core/Src/stm32f1xx_hal_msp.o
 .debug_aranges
                0x00000070       0x70 Core/Src/stm32f1xx_it.o
 .debug_aranges
                0x000000e0       0x28 Core/Src/system_stm32f1xx.o
 .debug_aranges
                0x00000108       0x28 Core/Startup/startup_stm32f103c8tx.o
 .debug_aranges
                0x00000130       0xe0 Drivers/STM32F1xx_HAL_Driver/Src/stm32f1xx_hal.o
 .debug_aranges
                0x00000210       0x90 Drivers/STM32F1xx_HAL_Driver/Src/stm32f1xx_hal_cortex.o
 .debug_aranges
                0x000002a0       0x58 Drivers/STM32F1xx_HAL_Driver/Src/stm32f1xx_hal_gpio.o
 .debug_aranges
                0x000002f8      0x120 Drivers/STM32F1xx_HAL_Driver/Src/stm32f1xx_hal_pcd.o
 .debug_aranges
                0x00000418       0x38 Drivers/STM32F1xx_HAL_Driver/Src/stm32f1xx_hal_pcd_ex.o
 .debug_aranges
                0x00000450       0x90 Drivers/STM32F1xx_HAL_Driver/Src/stm32f1xx_hal_rcc.o
 .debug_aranges
                0x000004e0       0x30 Drivers/STM32F1xx_HAL_Driver/Src/stm32f1xx_hal_rcc_ex.o
 .debug_aranges
                0x00000510      0x108 Drivers/STM32F1xx_HAL_Driver/Src/stm32f1xx_ll_usb.o
 .debug_aranges
                0x00000618       0x90 Middlewares/ST/STM32_USB_Device_Library/Class/CDC/Src/usbd_cdc.o
 .debug_aranges
                0x000006a8       0xb8 Middlewares/ST/STM32_USB_Device_Library/Core/Src/usbd_core.o
 .debug_aranges
                0x00000760       0x88 Middlewares/ST/STM32_USB_Device_Library/Core/Src/usbd_ctlreq.o
 .debug_aranges
                0x000007e8       0x50 Middlewares/ST/STM32_USB_Device_Library/Core/Src/usbd_ioreq.o
 .debug_aranges
                0x00000838       0x20 USB_DEVICE/App/usb_device.o
 .debug_aranges
                0x00000858       0x40 USB_DEVICE/App/usbd_cdc_if.o
 .debug_aranges
                0x00000898       0x60 USB_DEVICE/App/usbd_desc.o
 .debug_aranges
                0x000008f8      0x118 USB_DEVICE/Target/usbd_conf.o
 .debug_aranges
                0x00000a10       0x28 startup/startup_stm32f103xb.o

.debug_ranges   0x00000000      0xad0
 .debug_ranges  0x00000000       0x40 Core/Src/main.o
 .debug_ranges  0x00000040       0x10 Core/Src/stm32f1xx_hal_msp.o
 .debug_ranges  0x00000050       0x60 Core/Src/stm32f1xx_it.o
 .debug_ranges  0x000000b0       0x18 Core/Src/system_stm32f1xx.o
 .debug_ranges  0x000000c8       0x20 Core/Startup/startup_stm32f103c8tx.o
 .debug_ranges  0x000000e8       0xd0 Drivers/STM32F1xx_HAL_Driver/Src/stm32f1xx_hal.o
 .debug_ranges  0x000001b8       0xe0 Drivers/STM32F1xx_HAL_Driver/Src/stm32f1xx_hal_cortex.o
 .debug_ranges  0x00000298       0x48 Drivers/STM32F1xx_HAL_Driver/Src/stm32f1xx_hal_gpio.o
 .debug_ranges  0x000002e0      0x140 Drivers/STM32F1xx_HAL_Driver/Src/stm32f1xx_hal_pcd.o
 .debug_ranges  0x00000420       0x28 Drivers/STM32F1xx_HAL_Driver/Src/stm32f1xx_hal_pcd_ex.o
 .debug_ranges  0x00000448       0xa0 Drivers/STM32F1xx_HAL_Driver/Src/stm32f1xx_hal_rcc.o
 .debug_ranges  0x000004e8       0x38 Drivers/STM32F1xx_HAL_Driver/Src/stm32f1xx_hal_rcc_ex.o
 .debug_ranges  0x00000520      0x218 Drivers/STM32F1xx_HAL_Driver/Src/stm32f1xx_ll_usb.o
 .debug_ranges  0x00000738       0x80 Middlewares/ST/STM32_USB_Device_Library/Class/CDC/Src/usbd_cdc.o
 .debug_ranges  0x000007b8       0xa8 Middlewares/ST/STM32_USB_Device_Library/Core/Src/usbd_core.o
 .debug_ranges  0x00000860       0x78 Middlewares/ST/STM32_USB_Device_Library/Core/Src/usbd_ctlreq.o
 .debug_ranges  0x000008d8       0x40 Middlewares/ST/STM32_USB_Device_Library/Core/Src/usbd_ioreq.o
 .debug_ranges  0x00000918       0x10 USB_DEVICE/App/usb_device.o
 .debug_ranges  0x00000928       0x30 USB_DEVICE/App/usbd_cdc_if.o
 .debug_ranges  0x00000958       0x50 USB_DEVICE/App/usbd_desc.o
 .debug_ranges  0x000009a8      0x108 USB_DEVICE/Target/usbd_conf.o
 .debug_ranges  0x00000ab0       0x20 startup/startup_stm32f103xb.o

.debug_macro    0x00000000    0x160f5
 .debug_macro   0x00000000      0x3a5 Core/Src/main.o
 .debug_macro   0x000003a5      0xa60 Core/Src/main.o
 .debug_macro   0x00000e05      0x215 Core/Src/main.o
 .debug_macro   0x0000101a       0x2e Core/Src/main.o
 .debug_macro   0x00001048       0x22 Core/Src/main.o
 .debug_macro   0x0000106a       0x22 Core/Src/main.o
 .debug_macro   0x0000108c       0x8e Core/Src/main.o
 .debug_macro   0x0000111a       0x51 Core/Src/main.o
 .debug_macro   0x0000116b       0xef Core/Src/main.o
 .debug_macro   0x0000125a       0x6a Core/Src/main.o
 .debug_macro   0x000012c4      0x1df Core/Src/main.o
 .debug_macro   0x000014a3       0x1c Core/Src/main.o
 .debug_macro   0x000014bf       0x22 Core/Src/main.o
 .debug_macro   0x000014e1       0xc3 Core/Src/main.o
 .debug_macro   0x000015a4      0xd23 Core/Src/main.o
 .debug_macro   0x000022c7     0xe09e Core/Src/main.o
 .debug_macro   0x00010365       0x43 Core/Src/main.o
 .debug_macro   0x000103a8      0x174 Core/Src/main.o
 .debug_macro   0x0001051c       0x4e Core/Src/main.o
 .debug_macro   0x0001056a      0x5be Core/Src/main.o
 .debug_macro   0x00010b28      0x289 Core/Src/main.o
 .debug_macro   0x00010db1      0x1cb Core/Src/main.o
 .debug_macro   0x00010f7c      0x114 Core/Src/main.o
 .debug_macro   0x00011090      0x1b2 Core/Src/main.o
 .debug_macro   0x00011242       0x27 Core/Src/main.o
 .debug_macro   0x00011269      0x136 Core/Src/main.o
 .debug_macro   0x0001139f      0x1bc Core/Src/main.o
 .debug_macro   0x0001155b       0x34 Core/Src/main.o
 .debug_macro   0x0001158f       0x3c Core/Src/main.o
 .debug_macro   0x000115cb       0x57 Core/Src/main.o
 .debug_macro   0x00011622       0x88 Core/Src/main.o
 .debug_macro   0x000116aa      0x241 Core/Src/main.o
 .debug_macro   0x000118eb      0x141 Core/Src/main.o
 .debug_macro   0x00011a2c       0x65 Core/Src/main.o
 .debug_macro   0x00011a91      0x249 Core/Src/main.o
 .debug_macro   0x00011cda       0x83 Core/Src/main.o
 .debug_macro   0x00011d5d       0x82 Core/Src/main.o
 .debug_macro   0x00011ddf       0x5e Core/Src/main.o
 .debug_macro   0x00011e3d       0x18 Core/Src/main.o
 .debug_macro   0x00011e55       0x35 Core/Src/main.o
 .debug_macro   0x00011e8a       0x34 Core/Src/main.o
 .debug_macro   0x00011ebe       0x16 Core/Src/main.o
 .debug_macro   0x00011ed4       0x35 Core/Src/main.o
 .debug_macro   0x00011f09      0x32a Core/Src/main.o
 .debug_macro   0x00012233       0x10 Core/Src/main.o
 .debug_macro   0x00012243       0x58 Core/Src/main.o
 .debug_macro   0x0001229b       0x1f Core/Src/main.o
 .debug_macro   0x000122ba       0x43 Core/Src/main.o
 .debug_macro   0x000122fd       0x20 Core/Src/main.o
 .debug_macro   0x0001231d      0x18e Core/Src/main.o
 .debug_macro   0x000124ab       0x10 Core/Src/main.o
 .debug_macro   0x000124bb       0x1c Core/Src/main.o
 .debug_macro   0x000124d7       0x52 Core/Src/main.o
 .debug_macro   0x00012529       0x40 Core/Src/main.o
 .debug_macro   0x00012569       0x10 Core/Src/main.o
 .debug_macro   0x00012579       0x40 Core/Src/main.o
 .debug_macro   0x000125b9       0xd7 Core/Src/main.o
 .debug_macro   0x00012690       0x1c Core/Src/main.o
 .debug_macro   0x000126ac       0x3d Core/Src/main.o
 .debug_macro   0x000126e9       0x16 Core/Src/main.o
 .debug_macro   0x000126ff      0x16f Core/Src/main.o
 .debug_macro   0x0001286e       0x16 Core/Src/main.o
 .debug_macro   0x00012884       0x16 Core/Src/main.o
 .debug_macro   0x0001289a       0x29 Core/Src/main.o
 .debug_macro   0x000128c3       0x16 Core/Src/main.o
 .debug_macro   0x000128d9       0x60 Core/Src/main.o
 .debug_macro   0x00012939      0x1c8 Core/Src/main.o
 .debug_macro   0x00012b01      0x1ae Core/Src/stm32f1xx_hal_msp.o
 .debug_macro   0x00012caf      0x1b8 Core/Src/stm32f1xx_it.o
 .debug_macro   0x00012e67      0x1a5 Core/Src/system_stm32f1xx.o
 .debug_macro   0x0001300c      0x1c3 Drivers/STM32F1xx_HAL_Driver/Src/stm32f1xx_hal.o
 .debug_macro   0x000131cf      0x19f Drivers/STM32F1xx_HAL_Driver/Src/stm32f1xx_hal_cortex.o
 .debug_macro   0x0001336e      0x20a Drivers/STM32F1xx_HAL_Driver/Src/stm32f1xx_hal_gpio.o
 .debug_macro   0x00013578      0x1ab Drivers/STM32F1xx_HAL_Driver/Src/stm32f1xx_hal_pcd.o
 .debug_macro   0x00013723      0x19f Drivers/STM32F1xx_HAL_Driver/Src/stm32f1xx_hal_pcd_ex.o
 .debug_macro   0x000138c2      0x1b1 Drivers/STM32F1xx_HAL_Driver/Src/stm32f1xx_hal_rcc.o
 .debug_macro   0x00013a73      0x19f Drivers/STM32F1xx_HAL_Driver/Src/stm32f1xx_hal_rcc_ex.o
 .debug_macro   0x00013c12      0x19f Drivers/STM32F1xx_HAL_Driver/Src/stm32f1xx_ll_usb.o
 .debug_macro   0x00013db1      0x3b6 Middlewares/ST/STM32_USB_Device_Library/Class/CDC/Src/usbd_cdc.o
 .debug_macro   0x00014167       0x97 Middlewares/ST/STM32_USB_Device_Library/Class/CDC/Src/usbd_cdc.o
 .debug_macro   0x000141fe       0xfd Middlewares/ST/STM32_USB_Device_Library/Class/CDC/Src/usbd_cdc.o
 .debug_macro   0x000142fb       0xbd Middlewares/ST/STM32_USB_Device_Library/Class/CDC/Src/usbd_cdc.o
 .debug_macro   0x000143b8       0x8f Middlewares/ST/STM32_USB_Device_Library/Class/CDC/Src/usbd_cdc.o
 .debug_macro   0x00014447      0x39d Middlewares/ST/STM32_USB_Device_Library/Core/Src/usbd_core.o
 .debug_macro   0x000147e4      0x1ce Middlewares/ST/STM32_USB_Device_Library/Core/Src/usbd_core.o
 .debug_macro   0x000149b2      0x3a7 Middlewares/ST/STM32_USB_Device_Library/Core/Src/usbd_ctlreq.o
 .debug_macro   0x00014d59      0x3a3 Middlewares/ST/STM32_USB_Device_Library/Core/Src/usbd_ioreq.o
 .debug_macro   0x000150fc      0x3d7 USB_DEVICE/App/usb_device.o
 .debug_macro   0x000154d3       0x88 USB_DEVICE/App/usb_device.o
 .debug_macro   0x0001555b       0x22 USB_DEVICE/App/usb_device.o
 .debug_macro   0x0001557d      0x3c8 USB_DEVICE/App/usbd_cdc_if.o
 .debug_macro   0x00015945      0x3da USB_DEVICE/App/usbd_desc.o
 .debug_macro   0x00015d1f       0x1c USB_DEVICE/App/usbd_desc.o
 .debug_macro   0x00015d3b      0x3ba USB_DEVICE/Target/usbd_conf.o

.debug_line     0x00000000     0xb424
 .debug_line    0x00000000      0x953 Core/Src/main.o
 .debug_line    0x00000953      0x631 Core/Src/stm32f1xx_hal_msp.o
 .debug_line    0x00000f84      0x6e4 Core/Src/stm32f1xx_it.o
 .debug_line    0x00001668      0x663 Core/Src/system_stm32f1xx.o
 .debug_line    0x00001ccb       0x84 Core/Startup/startup_stm32f103c8tx.o
 .debug_line    0x00001d4f      0x805 Drivers/STM32F1xx_HAL_Driver/Src/stm32f1xx_hal.o
 .debug_line    0x00002554      0x813 Drivers/STM32F1xx_HAL_Driver/Src/stm32f1xx_hal_cortex.o
 .debug_line    0x00002d67      0x7d8 Drivers/STM32F1xx_HAL_Driver/Src/stm32f1xx_hal_gpio.o
 .debug_line    0x0000353f      0xb14 Drivers/STM32F1xx_HAL_Driver/Src/stm32f1xx_hal_pcd.o
 .debug_line    0x00004053      0x67f Drivers/STM32F1xx_HAL_Driver/Src/stm32f1xx_hal_pcd_ex.o
 .debug_line    0x000046d2      0x90e Drivers/STM32F1xx_HAL_Driver/Src/stm32f1xx_hal_rcc.o
 .debug_line    0x00004fe0      0x6f1 Drivers/STM32F1xx_HAL_Driver/Src/stm32f1xx_hal_rcc_ex.o
 .debug_line    0x000056d1      0xadb Drivers/STM32F1xx_HAL_Driver/Src/stm32f1xx_ll_usb.o
 .debug_line    0x000061ac      0xae5 Middlewares/ST/STM32_USB_Device_Library/Class/CDC/Src/usbd_cdc.o
 .debug_line    0x00006c91      0xadd Middlewares/ST/STM32_USB_Device_Library/Core/Src/usbd_core.o
 .debug_line    0x0000776e      0xba3 Middlewares/ST/STM32_USB_Device_Library/Core/Src/usbd_ctlreq.o
 .debug_line    0x00008311      0x926 Middlewares/ST/STM32_USB_Device_Library/Core/Src/usbd_ioreq.o
 .debug_line    0x00008c37      0x93f USB_DEVICE/App/usb_device.o
 .debug_line    0x00009576      0x969 USB_DEVICE/App/usbd_cdc_if.o
 .debug_line    0x00009edf      0x95a USB_DEVICE/App/usbd_desc.o
 .debug_line    0x0000a839      0xb6e USB_DEVICE/Target/usbd_conf.o
 .debug_line    0x0000b3a7       0x7d startup/startup_stm32f103xb.o

.debug_str      0x00000000    0x6ce6b
 .debug_str     0x00000000    0x6a334 Core/Src/main.o
                              0x6a71d (size before relaxing)
 .debug_str     0x0006a334       0x5a Core/Src/stm32f1xx_hal_msp.o
                              0x6588a (size before relaxing)
 .debug_str     0x0006a38e      0x422 Core/Src/stm32f1xx_it.o
                              0x65c61 (size before relaxing)
 .debug_str     0x0006a7b0       0xc2 Core/Src/system_stm32f1xx.o
                              0x65719 (size before relaxing)
 .debug_str     0x0006a872       0x36 Core/Startup/startup_stm32f103c8tx.o
                                 0x6d (size before relaxing)
 .debug_str     0x0006a8a8      0x3d6 Drivers/STM32F1xx_HAL_Driver/Src/stm32f1xx_hal.o
                              0x65d6f (size before relaxing)
 .debug_str     0x0006ac7e      0x248 Drivers/STM32F1xx_HAL_Driver/Src/stm32f1xx_hal_cortex.o
                              0x65d38 (size before relaxing)
 .debug_str     0x0006aec6      0x2cb Drivers/STM32F1xx_HAL_Driver/Src/stm32f1xx_hal_gpio.o
                              0x65a63 (size before relaxing)
 .debug_str     0x0006b191      0x520 Drivers/STM32F1xx_HAL_Driver/Src/stm32f1xx_hal_pcd.o
                              0x65ede (size before relaxing)
 .debug_str     0x0006b6b1      0x170 Drivers/STM32F1xx_HAL_Driver/Src/stm32f1xx_hal_pcd_ex.o
                              0x65b26 (size before relaxing)
 .debug_str     0x0006b821      0x22b Drivers/STM32F1xx_HAL_Driver/Src/stm32f1xx_hal_rcc.o
                              0x65ac3 (size before relaxing)
 .debug_str     0x0006ba4c       0x9f Drivers/STM32F1xx_HAL_Driver/Src/stm32f1xx_hal_rcc_ex.o
                              0x6584a (size before relaxing)
 .debug_str     0x0006baeb      0x19d Drivers/STM32F1xx_HAL_Driver/Src/stm32f1xx_ll_usb.o
                              0x65b90 (size before relaxing)
 .debug_str     0x0006bc88      0x967 Middlewares/ST/STM32_USB_Device_Library/Class/CDC/Src/usbd_cdc.o
                              0x6ada0 (size before relaxing)
 .debug_str     0x0006c5ef      0x294 Middlewares/ST/STM32_USB_Device_Library/Core/Src/usbd_core.o
                              0x6a707 (size before relaxing)
 .debug_str     0x0006c883      0x120 Middlewares/ST/STM32_USB_Device_Library/Core/Src/usbd_ctlreq.o
                              0x6a621 (size before relaxing)
 .debug_str     0x0006c9a3       0x51 Middlewares/ST/STM32_USB_Device_Library/Core/Src/usbd_ioreq.o
                              0x6a54e (size before relaxing)
 .debug_str     0x0006c9f4       0xd9 USB_DEVICE/App/usb_device.o
                              0x6a89c (size before relaxing)
 .debug_str     0x0006cacd       0xb2 USB_DEVICE/App/usbd_cdc_if.o
                              0x6a908 (size before relaxing)
 .debug_str     0x0006cb7f      0x258 USB_DEVICE/App/usbd_desc.o
                              0x6a48a (size before relaxing)
 .debug_str     0x0006cdd7       0x73 USB_DEVICE/Target/usbd_conf.o
                              0x6b341 (size before relaxing)
 .debug_str     0x0006ce4a       0x21 startup/startup_stm32f103xb.o
                                 0x66 (size before relaxing)

.comment        0x00000000       0x7f
 .comment       0x00000000       0x7f Core/Src/main.o
                                 0x80 (size before relaxing)
 .comment       0x0000007f       0x80 Core/Src/stm32f1xx_hal_msp.o
 .comment       0x0000007f       0x80 Core/Src/stm32f1xx_it.o
 .comment       0x0000007f       0x80 Core/Src/system_stm32f1xx.o
 .comment       0x0000007f       0x80 Drivers/STM32F1xx_HAL_Driver/Src/stm32f1xx_hal.o
 .comment       0x0000007f       0x80 Drivers/STM32F1xx_HAL_Driver/Src/stm32f1xx_hal_cortex.o
 .comment       0x0000007f       0x80 Drivers/STM32F1xx_HAL_Driver/Src/stm32f1xx_hal_gpio.o
 .comment       0x0000007f       0x80 Drivers/STM32F1xx_HAL_Driver/Src/stm32f1xx_hal_pcd.o
 .comment       0x0000007f       0x80 Drivers/STM32F1xx_HAL_Driver/Src/stm32f1xx_hal_pcd_ex.o
 .comment       0x0000007f       0x80 Drivers/STM32F1xx_HAL_Driver/Src/stm32f1xx_hal_rcc.o
 .comment       0x0000007f       0x80 Drivers/STM32F1xx_HAL_Driver/Src/stm32f1xx_hal_rcc_ex.o
 .comment       0x0000007f       0x80 Drivers/STM32F1xx_HAL_Driver/Src/stm32f1xx_ll_usb.o
 .comment       0x0000007f       0x80 Middlewares/ST/STM32_USB_Device_Library/Class/CDC/Src/usbd_cdc.o
 .comment       0x0000007f       0x80 Middlewares/ST/STM32_USB_Device_Library/Core/Src/usbd_core.o
 .comment       0x0000007f       0x80 Middlewares/ST/STM32_USB_Device_Library/Core/Src/usbd_ctlreq.o
 .comment       0x0000007f       0x80 Middlewares/ST/STM32_USB_Device_Library/Core/Src/usbd_ioreq.o
 .comment       0x0000007f       0x80 USB_DEVICE/App/usb_device.o
 .comment       0x0000007f       0x80 USB_DEVICE/App/usbd_cdc_if.o
 .comment       0x0000007f       0x80 USB_DEVICE/App/usbd_desc.o
 .comment       0x0000007f       0x80 USB_DEVICE/Target/usbd_conf.o

.debug_frame    0x00000000     0x1760
 .debug_frame   0x00000000       0xb8 Core/Src/main.o
 .debug_frame   0x000000b8       0x28 Core/Src/stm32f1xx_hal_msp.o
 .debug_frame   0x000000e0       0xd8 Core/Src/stm32f1xx_it.o
 .debug_frame   0x000001b8       0x30 Core/Src/system_stm32f1xx.o
 .debug_frame   0x000001e8      0x1d0 Drivers/STM32F1xx_HAL_Driver/Src/stm32f1xx_hal.o
 .debug_frame   0x000003b8      0x12c Drivers/STM32F1xx_HAL_Driver/Src/stm32f1xx_hal_cortex.o
 .debug_frame   0x000004e4       0xe8 Drivers/STM32F1xx_HAL_Driver/Src/stm32f1xx_hal_gpio.o
 .debug_frame   0x000005cc      0x300 Drivers/STM32F1xx_HAL_Driver/Src/stm32f1xx_hal_pcd.o
 .debug_frame   0x000008cc       0x50 Drivers/STM32F1xx_HAL_Driver/Src/stm32f1xx_hal_pcd_ex.o
 .debug_frame   0x0000091c      0x198 Drivers/STM32F1xx_HAL_Driver/Src/stm32f1xx_hal_rcc.o
 .debug_frame   0x00000ab4       0x6c Drivers/STM32F1xx_HAL_Driver/Src/stm32f1xx_hal_rcc_ex.o
 .debug_frame   0x00000b20      0x254 Drivers/STM32F1xx_HAL_Driver/Src/stm32f1xx_ll_usb.o
 .debug_frame   0x00000d74      0x164 Middlewares/ST/STM32_USB_Device_Library/Class/CDC/Src/usbd_cdc.o
 .debug_frame   0x00000ed8      0x1c0 Middlewares/ST/STM32_USB_Device_Library/Core/Src/usbd_core.o
 .debug_frame   0x00001098      0x178 Middlewares/ST/STM32_USB_Device_Library/Core/Src/usbd_ctlreq.o
 .debug_frame   0x00001210       0xb8 Middlewares/ST/STM32_USB_Device_Library/Core/Src/usbd_ioreq.o
 .debug_frame   0x000012c8       0x28 USB_DEVICE/App/usb_device.o
 .debug_frame   0x000012f0       0x78 USB_DEVICE/App/usbd_cdc_if.o
 .debug_frame   0x00001368       0xe0 USB_DEVICE/App/usbd_desc.o
 .debug_frame   0x00001448      0x2ec USB_DEVICE/Target/usbd_conf.o
 .debug_frame   0x00001734       0x2c c:/ac6/systemworkbench/plugins/fr.ac6.mcu.externaltools.arm-none.win32_1.17.0.201812190825/tools/compiler/bin/../lib/gcc/arm-none-eabi/7.3.1/../../../../arm-none-eabi/lib/thumb/v7-m\libc_nano.a(lib_a-init.o)
