22:06:47 **** Incremental Build of configuration Debug for project as1_blink ****
make -j8 all 
arm-none-eabi-gcc "../Core/Src/main.c" -mcpu=cortex-m4 -std=gnu11 -g3 -DUSE_HAL_DRIVER -DSTM32F401xE -DDEBUG -c -I../Drivers/CMSIS/Include -I../Drivers/STM32F4xx_HAL_Driver/Inc -I../Core/Inc -I../Drivers/CMSIS/Device/ST/STM32F4xx/Include -I../Drivers/STM32F4xx_HAL_Driver/Inc/Legacy -O0 -ffunction-sections -fdata-sections -Wall -fstack-usage -MMD -MP -MF"Core/Src/main.d" -MT"Core/Src/main.o" --specs=nano.specs -mfpu=fpv4-sp-d16 -mfloat-abi=hard -mthumb -o "Core/Src/main.o"
arm-none-eabi-gcc -o "as1_blink.elf" @"objects.list"   -mcpu=cortex-m4 -T"D:\Projects\stm32cube_workspace\as1_blink\STM32F401RETX_FLASH.ld" --specs=nosys.specs -Wl,-Map="as1_blink.map" -Wl,--gc-sections -static --specs=nano.specs -mfpu=fpv4-sp-d16 -mfloat-abi=hard -mthumb -Wl,--start-group -lc -lm -Wl,--end-group
Finished building target: as1_blink.elf
 
arm-none-eabi-size   as1_blink.elf 
arm-none-eabi-objdump -h -S  as1_blink.elf  > "as1_blink.list"
   text	   data	    bss	    dec	    hex	filename
   8408	     20	   1636	  10064	   2750	as1_blink.elf
arm-none-eabi-objcopy  -O binary  as1_blink.elf  "as1_blink.bin"
Finished building: default.size.stdout
 
Finished building: as1_blink.list
 
Finished building: as1_blink.bin
 

22:06:51 Build Finished. 0 errors, 0 warnings. (took 4s.640ms)

