15:47:54 **** Incremental Build of configuration Debug for project assing3_eeprom ****
make -j8 all 
arm-none-eabi-gcc "../Core/Src/main.c" -mcpu=cortex-m4 -std=gnu11 -g3 -DUSE_HAL_DRIVER -DSTM32F401xE -DDEBUG -c -I../Drivers/CMSIS/Include -I../Drivers/STM32F4xx_HAL_Driver/Inc -I../Core/Inc -I../Drivers/CMSIS/Device/ST/STM32F4xx/Include -I../Drivers/STM32F4xx_HAL_Driver/Inc/Legacy -O0 -ffunction-sections -fdata-sections -Wall -fstack-usage -MMD -MP -MF"Core/Src/main.d" -MT"Core/Src/main.o" --specs=nano.specs -mfpu=fpv4-sp-d16 -mfloat-abi=hard -mthumb -o "Core/Src/main.o"
arm-none-eabi-gcc "../Core/Src/system_stm32f4xx.c" -mcpu=cortex-m4 -std=gnu11 -g3 -DUSE_HAL_DRIVER -DSTM32F401xE -DDEBUG -c -I../Drivers/CMSIS/Include -I../Drivers/STM32F4xx_HAL_Driver/Inc -I../Core/Inc -I../Drivers/CMSIS/Device/ST/STM32F4xx/Include -I../Drivers/STM32F4xx_HAL_Driver/Inc/Legacy -O0 -ffunction-sections -fdata-sections -Wall -fstack-usage -MMD -MP -MF"Core/Src/system_stm32f4xx.d" -MT"Core/Src/system_stm32f4xx.o" --specs=nano.specs -mfpu=fpv4-sp-d16 -mfloat-abi=hard -mthumb -o "Core/Src/system_stm32f4xx.o"
arm-none-eabi-gcc -o "assing3_eeprom.elf" @"objects.list"   -mcpu=cortex-m4 -T"D:\Projects\stm32cube_workspace\assing3_eeprom\STM32F401RETX_FLASH.ld" --specs=nosys.specs -Wl,-Map="assing3_eeprom.map" -Wl,--gc-sections -static --specs=nano.specs -mfpu=fpv4-sp-d16 -mfloat-abi=hard -mthumb -Wl,--start-group -lc -lm -Wl,--end-group
Finished building target: assing3_eeprom.elf
 
arm-none-eabi-size   assing3_eeprom.elf 
arm-none-eabi-objdump -h -S  assing3_eeprom.elf  > "assing3_eeprom.list"
arm-none-eabi-objcopy  -O binary  assing3_eeprom.elf  "assing3_eeprom.bin"
   text	   data	    bss	    dec	    hex	filename
  18820	     20	   1716	  20556	   504c	assing3_eeprom.elf
Finished building: default.size.stdout
 
Finished building: assing3_eeprom.bin
 
Finished building: assing3_eeprom.list
 

15:48:03 Build Finished. 0 errors, 0 warnings. (took 9s.135ms)

