Finished building target: assing3_rtc.elf
 
arm-none-eabi-size   assing3_rtc.elf 
arm-none-eabi-objdump -h -S  assing3_rtc.elf  > "assing3_rtc.list"
arm-none-eabi-objcopy  -O binary  assing3_rtc.elf  "assing3_rtc.bin"
   text	   data	    bss	    dec	    hex	filename
  10724	     20	   1668	  12412	   307c	assing3_rtc.elf
Finished building: default.size.stdout
 
Finished building: assing3_rtc.bin
 
Finished building: assing3_rtc.list
 

19:53:01 Build Finished. 0 errors, 0 warnings. (took 9s.978ms)

19:53:02 **** Incremental Build of configuration Debug for project assing3_rtc ****
make -j8 all 
arm-none-eabi-size   assing3_rtc.elf 
   text	   data	    bss	    dec	    hex	filename
  10724	     20	   1668	  12412	   307c	assing3_rtc.elf
Finished building: default.size.stdout
 
19:53:04 **** Incremental Build of configuration Debug for project assing3_rtc ****
make -j8 all 
arm-none-eabi-size   assing3_rtc.elf 
   text	   data	    bss	    dec	    hex	filename
  10724	     20	   1668	  12412	   307c	assing3_rtc.elf
Finished building: default.size.stdout
 
